{
  "data": {
    "name": "aaa", /* users name. */
    "age": 23     /* users age. */
  }
  // test
  // "unused": "aaa"
}