{
    "data": {
        "name": "aaa",
        "age": 23
    }
}